// Jest Snapshot v1, https://goo.gl/fbAQLP

exports[`changes the class when hovered 1`] = `
<a
  href="http://www.facebook.com"
>
  Facebook
</a>
`;
